warning - The member 'copyWithPrevious' can only be used within its package - lib\features\agent\presentation\controllers\chat_controller.dart:280:9 - invalid_use_of_internal_member
warning - The member 'copyWithPrevious' can only be used within its package - lib\features\agent\presentation\controllers\chat_controller.dart:317:7 - invalid_use_of_internal_member
   info - Empty catch block. Try adding statements to the block, adding a comment to the block, or removing the 'catch' clause - lib\features\auth\data\auth_repository.dart:112:23 - empty_catches
   info - Empty catch block. Try adding statements to the block, adding a comment to the block, or removing the 'catch' clause - lib\features\auth\data\auth_repository.dart:131:23 - empty_catches
   info - Don't use 'BuildContext's across async gaps, guarded by an unrelated 'mounted' check. Guard a 'State.context' use with a 'mounted' check on the State, and other BuildContext use with a 'mounted' check on the BuildContext - lib\features\notes\presentation\note_editor_screen.dart:174:27 - use_build_context_synchronously
   info - Unnecessary use of multiple underscores. Try using '_' - lib\main.dart:62:55 - unnecessary_underscores
   info - Constructor declarations should be before non-constructor declarations. Try moving the constructor declaration before all other members - packages\yjs_dart\lib\src\lib0\decoding.dart:17:3 - sort_constructors_first
   info - Constructor declarations should be before non-constructor declarations. Try moving the constructor declaration before all other members - packages\yjs_dart\lib\src\protocols\awareness.dart:41:3 - sort_constructors_first
   info - Constructor declarations should be before non-constructor declarations. Try moving the constructor declaration before all other members - packages\yjs_dart\lib\src\structs\abstract_struct.dart:20:3 - sort_constructors_first
   info - Constructor declarations should be before non-constructor declarations. Try moving the constructor declaration before all other members - packages\yjs_dart\lib\src\structs\content.dart:27:3 - sort_constructors_first
   info - Constructor declarations should be before non-constructor declarations. Try moving the constructor declaration before all other members - packages\yjs_dart\lib\src\structs\content.dart:101:3 - sort_constructors_first
   info - Constructor declarations should be before non-constructor declarations. Try moving the constructor declaration before all other members - packages\yjs_dart\lib\src\structs\content.dart:157:3 - sort_constructors_first
   info - Constructor declarations should be before non-constructor declarations. Try moving the constructor declaration before all other members - packages\yjs_dart\lib\src\structs\content.dart:220:3 - sort_constructors_first
   info - Constructor declarations should be before non-constructor declarations. Try moving the constructor declaration before all other members - packages\yjs_dart\lib\src\structs\content.dart:276:3 - sort_constructors_first
   info - Constructor declarations should be before non-constructor declarations. Try moving the constructor declaration before all other members - packages\yjs_dart\lib\src\structs\content.dart:336:3 - sort_constructors_first
   info - Constructor declarations should be before non-constructor declarations. Try moving the constructor declaration before all other members - packages\yjs_dart\lib\src\structs\content.dart:410:3 - sort_constructors_first
   info - Constructor declarations should be before non-constructor declarations. Try moving the constructor declaration before all other members - packages\yjs_dart\lib\src\structs\content.dart:473:3 - sort_constructors_first
   info - Constructor declarations should be before non-constructor declarations. Try moving the constructor declaration before all other members - packages\yjs_dart\lib\src\structs\content.dart:569:3 - sort_constructors_first
   info - Constructor declarations should be before non-constructor declarations. Try moving the constructor declaration before all other members - packages\yjs_dart\lib\src\structs\content.dart:648:3 - sort_constructors_first
   info - Constructor declarations should be before non-constructor declarations. Try moving the constructor declaration before all other members - packages\yjs_dart\lib\src\structs\item.dart:306:3 - sort_constructors_first
   info - The member 'lastId' overrides an inherited member but isn't annotated with '@override'. Try adding the '@override' annotation - packages\yjs_dart\lib\src\structs\item.dart:345:10 - annotate_overrides
   info - Method invocation or property access on a 'dynamic' target. Try giving the target a type - packages\yjs_dart\lib\src\structs\item.dart:374:81 - avoid_dynamic_calls
   info - Method invocation or property access on a 'dynamic' target. Try giving the target a type - packages\yjs_dart\lib\src\structs\item.dart:377:96 - avoid_dynamic_calls
   info - Method invocation or property access on a 'dynamic' target. Try giving the target a type - packages\yjs_dart\lib\src\structs\item.dart:382:66 - avoid_dynamic_calls
   info - Method invocation or property access on a 'dynamic' target. Try giving the target a type - packages\yjs_dart\lib\src\structs\item.dart:429:34 - avoid_dynamic_calls
   info - Method invocation or property access on a 'dynamic' target. Try giving the target a type - packages\yjs_dart\lib\src\structs\item.dart:446:17 - avoid_dynamic_calls
   info - Method invocation or property access on a 'dynamic' target. Try giving the target a type - packages\yjs_dart\lib\src\structs\item.dart:474:50 - avoid_dynamic_calls
   info - Method invocation or property access on a 'dynamic' target. Try giving the target a type - packages\yjs_dart\lib\src\structs\item.dart:476:52 - avoid_dynamic_calls
   info - Method invocation or property access on a 'dynamic' target. Try giving the target a type - packages\yjs_dart\lib\src\structs\item.dart:498:17 - avoid_dynamic_calls
   info - Method invocation or property access on a 'dynamic' target. Try giving the target a type - packages\yjs_dart\lib\src\structs\item.dart:536:24 - avoid_dynamic_calls
   info - Method invocation or property access on a 'dynamic' target. Try giving the target a type - packages\yjs_dart\lib\src\structs\item.dart:580:23 - avoid_dynamic_calls
   info - Constructor declarations should be before non-constructor declarations. Try moving the constructor declaration before all other members - packages\yjs_dart\lib\src\structs\item.dart:710:3 - sort_constructors_first
   info - Constructor declarations should be before non-constructor declarations. Try moving the constructor declaration before all other members - packages\yjs_dart\lib\src\structs\item.dart:859:3 - sort_constructors_first
   info - Constructor declarations should be before non-constructor declarations. Try moving the constructor declaration before all other members - packages\yjs_dart\lib\src\structs\item.dart:885:3 - sort_constructors_first
   info - Constructor declarations should be before non-constructor declarations. Try moving the constructor declaration before all other members - packages\yjs_dart\lib\src\structs\item.dart:905:3 - sort_constructors_first
   info - Constructor declarations should be before non-constructor declarations. Try moving the constructor declaration before all other members - packages\yjs_dart\lib\src\structs\item.dart:931:3 - sort_constructors_first
   info - Constructor declarations should be before non-constructor declarations. Try moving the constructor declaration before all other members - packages\yjs_dart\lib\src\structs\item.dart:952:3 - sort_constructors_first
   info - Constructor declarations should be before non-constructor declarations. Try moving the constructor declaration before all other members - packages\yjs_dart\lib\src\structs\item.dart:976:3 - sort_constructors_first
   info - Constructor declarations should be before non-constructor declarations. Try moving the constructor declaration before all other members - packages\yjs_dart\lib\src\structs\item.dart:1011:3 - sort_constructors_first
   info - Method invocation or property access on a 'dynamic' target. Try giving the target a type - packages\yjs_dart\lib\src\structs\skip.dart:44:19 - avoid_dynamic_calls
   info - Method invocation or property access on a 'dynamic' target. Try giving the target a type - packages\yjs_dart\lib\src\structs\skip.dart:44:19 - avoid_dynamic_calls
   info - Method invocation or property access on a 'dynamic' target. Try giving the target a type - packages\yjs_dart\lib\src\structs\skip.dart:46:16 - avoid_dynamic_calls
   info - Constructor declarations should be before non-constructor declarations. Try moving the constructor declaration before all other members - packages\yjs_dart\lib\src\types\abstract_type.dart:75:3 - sort_constructors_first
   info - Use an initializing formal to assign a parameter to a field. Try using an initialing formal ('this.index') to initialize the field - packages\yjs_dart\lib\src\types\abstract_type.dart:76:9 - prefer_initializing_formals
   info - Constructor declarations should be before non-constructor declarations. Try moving the constructor declaration before all other members - packages\yjs_dart\lib\src\types\abstract_type.dart:245:3 - sort_constructors_first
   info - Constructor declarations should be before non-constructor declarations. Try moving the constructor declaration before all other members - packages\yjs_dart\lib\src\types\abstract_type.dart:846:3 - sort_constructors_first
   info - Method invocation or property access on a 'dynamic' target. Try giving the target a type - packages\yjs_dart\lib\src\types\abstract_type.dart:971:44 - avoid_dynamic_calls
   info - Method invocation or property access on a 'dynamic' target. Try giving the target a type - packages\yjs_dart\lib\src\types\abstract_type.dart:1015:42 - avoid_dynamic_calls
   info - Constructor declarations should be before non-constructor declarations. Try moving the constructor declaration before all other members - packages\yjs_dart\lib\src\types\y_array.dart:14:3 - sort_constructors_first
   info - The parameter name 'doc' doesn't match the name 'y' in the overridden method. Try changing the name to 'y' - packages\yjs_dart\lib\src\types\y_array.dart:19:22 - avoid_renaming_method_parameters
   info - Constructor declarations should be before non-constructor declarations. Try moving the constructor declaration before all other members - packages\yjs_dart\lib\src\types\y_map.dart:14:3 - sort_constructors_first
   info - The parameter name 'doc' doesn't match the name 'y' in the overridden method. Try changing the name to 'y' - packages\yjs_dart\lib\src\types\y_map.dart:19:22 - avoid_renaming_method_parameters
   info - The null check operator shouldn't be used on a variable whose type is a potentially nullable type parameter. Try explicitly testing for 'null' - packages\yjs_dart\lib\src\types\y_map.dart:95:36 - null_check_on_nullable_type_parameter
   info - Constructor declarations should be before non-constructor declarations. Try moving the constructor declaration before all other members - packages\yjs_dart\lib\src\utils\doc.dart:48:3 - sort_constructors_first
   info - Unnecessary use of getter and setter to wrap a field. Try removing the getter and setter and renaming the field - packages\yjs_dart\lib\src\utils\doc.dart:111:27 - unnecessary_getters_setters
   info - Constructor declarations should be before non-constructor declarations. Try moving the constructor declaration before all other members - packages\yjs_dart\lib\src\utils\doc.dart:139:3 - sort_constructors_first
   info - Unnecessary 'this.' qualifier. Try removing 'this.' - packages\yjs_dart\lib\src\utils\doc.dart:176:30 - unnecessary_this
   info - Method invocation or property access on a 'dynamic' target. Try giving the target a type - packages\yjs_dart\lib\src\utils\doc.dart:279:15 - avoid_dynamic_calls
   info - Constructor declarations should be before non-constructor declarations. Try moving the constructor declaration before all other members - packages\yjs_dart\lib\src\utils\id.dart:21:9 - sort_constructors_first
   info - Constructor declarations should be before non-constructor declarations. Try moving the constructor declaration before all other members - packages\yjs_dart\lib\src\utils\id_map.dart:27:3 - sort_constructors_first
   info - Constructor declarations should be before non-constructor declarations. Try moving the constructor declaration before all other members - packages\yjs_dart\lib\src\utils\id_map.dart:66:3 - sort_constructors_first
   info - Constructor declarations should be before non-constructor declarations. Try moving the constructor declaration before all other members - packages\yjs_dart\lib\src\utils\id_map.dart:79:3 - sort_constructors_first
   info - Constructor declarations should be before non-constructor declarations. Try moving the constructor declaration before all other members - packages\yjs_dart\lib\src\utils\id_set.dart:24:3 - sort_constructors_first
   info - Constructor declarations should be before non-constructor declarations. Try moving the constructor declaration before all other members - packages\yjs_dart\lib\src\utils\id_set.dart:40:3 - sort_constructors_first
   info - Constructor declarations should be before non-constructor declarations. Try moving the constructor declaration before all other members - packages\yjs_dart\lib\src\utils\id_set.dart:57:3 - sort_constructors_first
   info - Constructor declarations should be before non-constructor declarations. Try moving the constructor declaration before all other members - packages\yjs_dart\lib\src\utils\relative_position.dart:35:9 - sort_constructors_first
   info - Constructor declarations should be before non-constructor declarations. Try moving the constructor declaration before all other members - packages\yjs_dart\lib\src\utils\relative_position.dart:51:9 - sort_constructors_first
   info - Method invocation or property access on a 'dynamic' target. Try giving the target a type - packages\yjs_dart\lib\src\utils\relative_position.dart:276:31 - avoid_dynamic_calls
   info - Constructor declarations should be before non-constructor declarations. Try moving the constructor declaration before all other members - packages\yjs_dart\lib\src\utils\snapshot.dart:45:9 - sort_constructors_first
   info - Use 'const' for final variables initialized to a constant value. Try replacing 'final' with 'const' - packages\yjs_dart\lib\src\utils\snapshot.dart:103:3 - prefer_const_declarations
   info - Method invocation or property access on a 'dynamic' target. Try giving the target a type - packages\yjs_dart\lib\src\utils\snapshot.dart:257:28 - avoid_dynamic_calls
   info - Method invocation or property access on a 'dynamic' target. Try giving the target a type - packages\yjs_dart\lib\src\utils\snapshot.dart:262:30 - avoid_dynamic_calls
   info - Method invocation or property access on a 'dynamic' target. Try giving the target a type - packages\yjs_dart\lib\src\utils\snapshot.dart:265:30 - avoid_dynamic_calls
   info - Constructor declarations should be before non-constructor declarations. Try moving the constructor declaration before all other members - packages\yjs_dart\lib\src\utils\struct_set.dart:27:3 - sort_constructors_first
   info - Method invocation or property access on a 'dynamic' target. Try giving the target a type - packages\yjs_dart\lib\src\utils\struct_set.dart:92:15 - avoid_dynamic_calls
   info - Method invocation or property access on a 'dynamic' target. Try giving the target a type - packages\yjs_dart\lib\src\utils\struct_set.dart:96:15 - avoid_dynamic_calls
   info - The 'if' statement could be replaced by a null-aware assignment. Try using the '??=' operator to conditionally assign a value - packages\yjs_dart\lib\src\utils\struct_set.dart:107:13 - prefer_conditional_assignment
   info - Angle brackets will be interpreted as HTML. Try using backticks around the content with angle brackets, or try replacing `<` with `&lt;` and `>` with `&gt;` - packages\yjs_dart\lib\src\utils\struct_store.dart:82:37 - unintended_html_in_doc_comment
   info - Constructor declarations should be before non-constructor declarations. Try moving the constructor declaration before all other members - packages\yjs_dart\lib\src\utils\transaction.dart:82:3 - sort_constructors_first
   info - Method invocation or property access on a 'dynamic' target. Try giving the target a type - packages\yjs_dart\lib\src\utils\transaction.dart:147:32 - avoid_dynamic_calls
   info - Method invocation or property access on a 'dynamic' target. Try giving the target a type - packages\yjs_dart\lib\src\utils\transaction.dart:234:13 - avoid_dynamic_calls
   info - Method invocation or property access on a 'dynamic' target. Try giving the target a type - packages\yjs_dart\lib\src\utils\transaction.dart:266:21 - avoid_dynamic_calls
   info - Method invocation or property access on a 'dynamic' target. Try giving the target a type - packages\yjs_dart\lib\src\utils\transaction.dart:266:21 - avoid_dynamic_calls
   info - Method invocation or property access on a 'dynamic' target. Try giving the target a type - packages\yjs_dart\lib\src\utils\transaction.dart:266:21 - avoid_dynamic_calls
   info - Method invocation or property access on a 'dynamic' target. Try giving the target a type - packages\yjs_dart\lib\src\utils\transaction.dart:279:21 - avoid_dynamic_calls
   info - Method invocation or property access on a 'dynamic' target. Try giving the target a type - packages\yjs_dart\lib\src\utils\transaction.dart:297:21 - avoid_dynamic_calls
   info - Method invocation or property access on a 'dynamic' target. Try giving the target a type - packages\yjs_dart\lib\src\utils\transaction.dart:320:20 - avoid_dynamic_calls
   info - Method invocation or property access on a 'dynamic' target. Try giving the target a type - packages\yjs_dart\lib\src\utils\transaction.dart:625:51 - avoid_dynamic_calls
   info - The 'if' statement could be replaced by a null-aware assignment. Try using the '??=' operator to conditionally assign a value - packages\yjs_dart\lib\src\utils\transaction.dart:666:9 - prefer_conditional_assignment
   info - Method invocation or property access on a 'dynamic' target. Try giving the target a type - packages\yjs_dart\lib\src\utils\transaction.dart:727:7 - avoid_dynamic_calls
   info - Method invocation or property access on a 'dynamic' target. Try giving the target a type - packages\yjs_dart\lib\src\utils\transaction.dart:735:29 - avoid_dynamic_calls
   info - Method invocation or property access on a 'dynamic' target. Try giving the target a type - packages\yjs_dart\lib\src\utils\transaction.dart:750:11 - avoid_dynamic_calls
   info - Constructor declarations should be before non-constructor declarations. Try moving the constructor declaration before all other members - packages\yjs_dart\lib\src\utils\undo_manager.dart:35:3 - sort_constructors_first
   info - Local variables should be final. Try making the variable final - packages\yjs_dart\lib\src\utils\undo_manager.dart:73:13 - prefer_final_locals
   info - Constructor declarations should be before non-constructor declarations. Try moving the constructor declaration before all other members - packages\yjs_dart\lib\src\utils\undo_manager.dart:170:3 - sort_constructors_first
   info - Constructor declarations should be before non-constructor declarations. Try moving the constructor declaration before all other members - packages\yjs_dart\lib\src\utils\undo_manager.dart:217:3 - sort_constructors_first
   info - Constructor declarations should be before non-constructor declarations. Try moving the constructor declaration before all other members - packages\yjs_dart\lib\src\utils\update_decoder.dart:20:3 - sort_constructors_first
   info - Constructor declarations should be before non-constructor declarations. Try moving the constructor declaration before all other members - packages\yjs_dart\lib\src\utils\update_decoder.dart:43:3 - sort_constructors_first
   info - Constructor declarations should be before non-constructor declarations. Try moving the constructor declaration before all other members - packages\yjs_dart\lib\src\utils\update_decoder.dart:68:3 - sort_constructors_first
   info - Constructor declarations should be before non-constructor declarations. Try moving the constructor declaration before all other members - packages\yjs_dart\lib\src\utils\update_decoder.dart:93:3 - sort_constructors_first
   info - Constructor declarations should be before non-constructor declarations. Try moving the constructor declaration before all other members - packages\yjs_dart\lib\src\utils\update_decoder.dart:131:3 - sort_constructors_first
   info - Constructor declarations should be before non-constructor declarations. Try moving the constructor declaration before all other members - packages\yjs_dart\lib\src\utils\update_decoder.dart:192:3 - sort_constructors_first
   info - Constructor declarations should be before non-constructor declarations. Try moving the constructor declaration before all other members - packages\yjs_dart\lib\src\utils\update_decoder.dart:228:3 - sort_constructors_first
   info - The member 'restEncoder' overrides an inherited member but isn't annotated with '@override'. Try adding the '@override' annotation - packages\yjs_dart\lib\src\utils\update_encoder.dart:148:26 - annotate_overrides
   info - The member 'restEncoder' overrides an inherited member but isn't annotated with '@override'. Try adding the '@override' annotation - packages\yjs_dart\lib\src\utils\update_encoder.dart:230:26 - annotate_overrides
   info - Method invocation or property access on a 'dynamic' target. Try giving the target a type - packages\yjs_dart\lib\src\utils\updates.dart:123:7 - avoid_dynamic_calls
   info - The variable name 'YDecoder' isn't a lowerCamelCase identifier. Try changing the name to follow the lowerCamelCase style - packages\yjs_dart\lib\src\utils\updates.dart:540:39 - non_constant_identifier_names
   info - The variable name 'YEncoder' isn't a lowerCamelCase identifier. Try changing the name to follow the lowerCamelCase style - packages\yjs_dart\lib\src\utils\updates.dart:541:23 - non_constant_identifier_names
   info - Method invocation or property access on a 'dynamic' target. Try giving the target a type - packages\yjs_dart\lib\src\utils\updates.dart:567:25 - avoid_dynamic_calls
   info - Method invocation or property access on a 'dynamic' target. Try giving the target a type - packages\yjs_dart\lib\src\utils\updates.dart:571:9 - avoid_dynamic_calls
   info - Method invocation or property access on a 'dynamic' target. Try giving the target a type - packages\yjs_dart\lib\src\utils\updates.dart:572:5 - avoid_dynamic_calls
   info - Method invocation or property access on a 'dynamic' target. Try giving the target a type - packages\yjs_dart\lib\src\utils\updates.dart:574:9 - avoid_dynamic_calls
   info - Method invocation or property access on a 'dynamic' target. Try giving the target a type - packages\yjs_dart\lib\src\utils\updates.dart:583:10 - avoid_dynamic_calls
   info - The variable name 'YDecoder' isn't a lowerCamelCase identifier. Try changing the name to follow the lowerCamelCase style - packages\yjs_dart\lib\src\utils\updates.dart:592:39 - non_constant_identifier_names
   info - The variable name 'YEncoder' isn't a lowerCamelCase identifier. Try changing the name to follow the lowerCamelCase style - packages\yjs_dart\lib\src\utils\updates.dart:593:23 - non_constant_identifier_names
   info - Method invocation or property access on a 'dynamic' target. Try giving the target a type - packages\yjs_dart\lib\src\utils\updates.dart:613:7 - avoid_dynamic_calls
   info - Method invocation or property access on a 'dynamic' target. Try giving the target a type - packages\yjs_dart\lib\src\utils\updates.dart:617:9 - avoid_dynamic_calls
   info - Method invocation or property access on a 'dynamic' target. Try giving the target a type - packages\yjs_dart\lib\src\utils\updates.dart:618:5 - avoid_dynamic_calls
   info - Method invocation or property access on a 'dynamic' target. Try giving the target a type - packages\yjs_dart\lib\src\utils\updates.dart:620:9 - avoid_dynamic_calls
   info - Method invocation or property access on a 'dynamic' target. Try giving the target a type - packages\yjs_dart\lib\src\utils\updates.dart:626:10 - avoid_dynamic_calls
   info - The variable name 'YEncoder' isn't a lowerCamelCase identifier. Try changing the name to follow the lowerCamelCase style - packages\yjs_dart\lib\src\utils\updates.dart:660:23 - non_constant_identifier_names
   info - The variable name 'YDecoder' isn't a lowerCamelCase identifier. Try changing the name to follow the lowerCamelCase style - packages\yjs_dart\lib\src\utils\updates.dart:661:39 - non_constant_identifier_names
   info - Method invocation or property access on a 'dynamic' target. Try giving the target a type - packages\yjs_dart\lib\src\utils\updates.dart:677:10 - avoid_dynamic_calls
   info - Constructor declarations should be before non-constructor declarations. Try moving the constructor declaration before all other members - packages\yjs_dart\lib\src\utils\updates.dart:689:3 - sort_constructors_first
   info - Method invocation or property access on a 'dynamic' target. Try giving the target a type - packages\yjs_dart\lib\src\utils\updates.dart:692:30 - avoid_dynamic_calls
   info - Method invocation or property access on a 'dynamic' target. Try giving the target a type - packages\yjs_dart\lib\src\utils\updates.dart:696:32 - avoid_dynamic_calls
   info - Method invocation or property access on a 'dynamic' target. Try giving the target a type - packages\yjs_dart\lib\src\utils\updates.dart:709:36 - avoid_dynamic_calls
   info - Method invocation or property access on a 'dynamic' target. Try giving the target a type - packages\yjs_dart\lib\src\utils\updates.dart:739:28 - avoid_dynamic_calls
   info - Method invocation or property access on a 'dynamic' target. Try giving the target a type - packages\yjs_dart\lib\src\utils\updates.dart:743:30 - avoid_dynamic_calls
   info - Method invocation or property access on a 'dynamic' target. Try giving the target a type - packages\yjs_dart\lib\src\utils\updates.dart:746:30 - avoid_dynamic_calls
   info - Method invocation or property access on a 'dynamic' target. Try giving the target a type - packages\yjs_dart\lib\src\utils\updates.dart:750:32 - avoid_dynamic_calls
   info - Method invocation or property access on a 'dynamic' target. Try giving the target a type - packages\yjs_dart\lib\src\utils\updates.dart:753:32 - avoid_dynamic_calls
   info - Constructor declarations should be before non-constructor declarations. Try moving the constructor declaration before all other members - packages\yjs_dart\lib\src\utils\updates.dart:797:3 - sort_constructors_first
   info - Method invocation or property access on a 'dynamic' target. Try giving the target a type - packages\yjs_dart\lib\src\utils\updates.dart:800:30 - avoid_dynamic_calls
   info - Method invocation or property access on a 'dynamic' target. Try giving the target a type - packages\yjs_dart\lib\src\utils\updates.dart:812:30 - avoid_dynamic_calls
   info - Method invocation or property access on a 'dynamic' target. Try giving the target a type - packages\yjs_dart\lib\src\utils\updates.dart:835:34 - avoid_dynamic_calls
   info - Constructor declarations should be before non-constructor declarations. Try moving the constructor declaration before all other members - packages\yjs_dart\lib\src\utils\y_event.dart:34:3 - sort_constructors_first
   info - Library names are not necessary. Remove the library name - packages\yjs_dart\lib\yjs_dart.dart:4:9 - unnecessary_library_name
   info - Dangling library doc comment. Add a 'library' directive after the library comment - packages\yjs_dart\test\binary_compat_test.dart:1:1 - dangling_library_doc_comments
   info - Method invocation or property access on a 'dynamic' target. Try giving the target a type - packages\yjs_dart\test\binary_compat_test.dart:44:46 - avoid_dynamic_calls
   info - Method invocation or property access on a 'dynamic' target. Try giving the target a type - packages\yjs_dart\test\binary_compat_test.dart:45:48 - avoid_dynamic_calls
warning - The type argument(s) of the function 'getArray' can't be inferred. Use explicit type argument(s) for 'getArray' - packages\yjs_dart\test\binary_compat_test.dart:51:23 - inference_failure_on_function_invocation
   info - Method invocation or property access on a 'dynamic' target. Try giving the target a type - packages\yjs_dart\test\binary_compat_test.dart:53:46 - avoid_dynamic_calls
   info - Method invocation or property access on a 'dynamic' target. Try giving the target a type - packages\yjs_dart\test\binary_compat_test.dart:54:48 - avoid_dynamic_calls
warning - The '!' will have no effect because the receiver can't be null. Try removing the '!' operator - packages\yjs_dart\test\binary_compat_test.dart:55:17 - unnecessary_non_null_assertion
   info - Method invocation or property access on a 'dynamic' target. Try giving the target a type - packages\yjs_dart\test\binary_compat_test.dart:55:30 - avoid_dynamic_calls
warning - The type argument(s) of the function 'getArray' can't be inferred. Use explicit type argument(s) for 'getArray' - packages\yjs_dart\test\binary_compat_test.dart:61:23 - inference_failure_on_function_invocation
warning - The '!' will have no effect because the receiver can't be null. Try removing the '!' operator - packages\yjs_dart\test\binary_compat_test.dart:64:10 - unnecessary_non_null_assertion
   info - Method invocation or property access on a 'dynamic' target. Try giving the target a type - packages\yjs_dart\test\binary_compat_test.dart:65:46 - avoid_dynamic_calls
   info - Method invocation or property access on a 'dynamic' target. Try giving the target a type - packages\yjs_dart\test\binary_compat_test.dart:66:48 - avoid_dynamic_calls
   info - Method invocation or property access on a 'dynamic' target. Try giving the target a type - packages\yjs_dart\test\binary_compat_test.dart:68:58 - avoid_dynamic_calls
warning - The '!' will have no effect because the receiver can't be null. Try removing the '!' operator - packages\yjs_dart\test\binary_compat_test.dart:69:17 - unnecessary_non_null_assertion
   info - Method invocation or property access on a 'dynamic' target. Try giving the target a type - packages\yjs_dart\test\binary_compat_test.dart:69:30 - avoid_dynamic_calls
warning - The type argument(s) of the function 'getArray' can't be inferred. Use explicit type argument(s) for 'getArray' - packages\yjs_dart\test\binary_compat_test.dart:75:23 - inference_failure_on_function_invocation
   info - Method invocation or property access on a 'dynamic' target. Try giving the target a type - packages\yjs_dart\test\binary_compat_test.dart:78:46 - avoid_dynamic_calls
   info - Method invocation or property access on a 'dynamic' target. Try giving the target a type - packages\yjs_dart\test\binary_compat_test.dart:79:48 - avoid_dynamic_calls
warning - The '!' will have no effect because the receiver can't be null. Try removing the '!' operator - packages\yjs_dart\test\binary_compat_test.dart:80:17 - unnecessary_non_null_assertion
   info - Method invocation or property access on a 'dynamic' target. Try giving the target a type - packages\yjs_dart\test\binary_compat_test.dart:80:30 - avoid_dynamic_calls
warning - The type argument(s) of the function 'getArray' can't be inferred. Use explicit type argument(s) for 'getArray' - packages\yjs_dart\test\binary_compat_test.dart:87:23 - inference_failure_on_function_invocation
warning - The '!' will have no effect because the receiver can't be null. Try removing the '!' operator - packages\yjs_dart\test\binary_compat_test.dart:89:10 - unnecessary_non_null_assertion
   info - Method invocation or property access on a 'dynamic' target. Try giving the target a type - packages\yjs_dart\test\binary_compat_test.dart:90:46 - avoid_dynamic_calls
   info - Method invocation or property access on a 'dynamic' target. Try giving the target a type - packages\yjs_dart\test\binary_compat_test.dart:91:48 - avoid_dynamic_calls
warning - The '!' will have no effect because the receiver can't be null. Try removing the '!' operator - packages\yjs_dart\test\binary_compat_test.dart:92:17 - unnecessary_non_null_assertion
   info - Method invocation or property access on a 'dynamic' target. Try giving the target a type - packages\yjs_dart\test\binary_compat_test.dart:92:30 - avoid_dynamic_calls
warning - The type argument(s) of the function 'getMap' can't be inferred. Use explicit type argument(s) for 'getMap' - packages\yjs_dart\test\binary_compat_test.dart:98:23 - inference_failure_on_function_invocation
warning - The '!' will have no effect because the receiver can't be null. Try removing the '!' operator - packages\yjs_dart\test\binary_compat_test.dart:100:10 - unnecessary_non_null_assertion
warning - The '!' will have no effect because the receiver can't be null. Try removing the '!' operator - packages\yjs_dart\test\binary_compat_test.dart:101:10 - unnecessary_non_null_assertion
   info - Method invocation or property access on a 'dynamic' target. Try giving the target a type - packages\yjs_dart\test\binary_compat_test.dart:102:46 - avoid_dynamic_calls
   info - Method invocation or property access on a 'dynamic' target. Try giving the target a type - packages\yjs_dart\test\binary_compat_test.dart:103:48 - avoid_dynamic_calls
warning - The '!' will have no effect because the receiver can't be null. Try removing the '!' operator - packages\yjs_dart\test\binary_compat_test.dart:104:17 - unnecessary_non_null_assertion
   info - Method invocation or property access on a 'dynamic' target. Try giving the target a type - packages\yjs_dart\test\binary_compat_test.dart:104:28 - avoid_dynamic_calls
warning - The type argument(s) of the function 'getArray' can't be inferred. Use explicit type argument(s) for 'getArray' - packages\yjs_dart\test\binary_compat_test.dart:110:23 - inference_failure_on_function_invocation
warning - The type argument(s) of the function 'getMap' can't be inferred. Use explicit type argument(s) for 'getMap' - packages\yjs_dart\test\binary_compat_test.dart:111:23 - inference_failure_on_function_invocation
   info - Method invocation or property access on a 'dynamic' target. Try giving the target a type - packages\yjs_dart\test\binary_compat_test.dart:114:46 - avoid_dynamic_calls
   info - Method invocation or property access on a 'dynamic' target. Try giving the target a type - packages\yjs_dart\test\binary_compat_test.dart:115:48 - avoid_dynamic_calls
warning - The '!' will have no effect because the receiver can't be null. Try removing the '!' operator - packages\yjs_dart\test\binary_compat_test.dart:116:17 - unnecessary_non_null_assertion
   info - Method invocation or property access on a 'dynamic' target. Try giving the target a type - packages\yjs_dart\test\binary_compat_test.dart:116:30 - avoid_dynamic_calls
warning - The '!' will have no effect because the receiver can't be null. Try removing the '!' operator - packages\yjs_dart\test\binary_compat_test.dart:117:17 - unnecessary_non_null_assertion
   info - Method invocation or property access on a 'dynamic' target. Try giving the target a type - packages\yjs_dart\test\binary_compat_test.dart:117:28 - avoid_dynamic_calls
warning - The type argument(s) of the function 'getMap' can't be inferred. Use explicit type argument(s) for 'getMap' - packages\yjs_dart\test\binary_compat_test.dart:123:23 - inference_failure_on_function_invocation
warning - The '!' will have no effect because the receiver can't be null. Try removing the '!' operator - packages\yjs_dart\test\binary_compat_test.dart:126:11 - unnecessary_non_null_assertion
   info - Method invocation or property access on a 'dynamic' target. Try giving the target a type - packages\yjs_dart\test\binary_compat_test.dart:127:46 - avoid_dynamic_calls
   info - Method invocation or property access on a 'dynamic' target. Try giving the target a type - packages\yjs_dart\test\binary_compat_test.dart:128:48 - avoid_dynamic_calls
warning - The type argument(s) of the function 'getArray' can't be inferred. Use explicit type argument(s) for 'getArray' - packages\yjs_dart\test\binary_compat_test.dart:134:23 - inference_failure_on_function_invocation
   info - Method invocation or property access on a 'dynamic' target. Try giving the target a type - packages\yjs_dart\test\binary_compat_test.dart:136:46 - avoid_dynamic_calls
   info - Method invocation or property access on a 'dynamic' target. Try giving the target a type - packages\yjs_dart\test\binary_compat_test.dart:137:48 - avoid_dynamic_calls
warning - The '!' will have no effect because the receiver can't be null. Try removing the '!' operator - packages\yjs_dart\test\binary_compat_test.dart:138:17 - unnecessary_non_null_assertion
   info - Method invocation or property access on a 'dynamic' target. Try giving the target a type - packages\yjs_dart\test\binary_compat_test.dart:138:30 - avoid_dynamic_calls
warning - The type argument(s) of the function 'getMap' can't be inferred. Use explicit type argument(s) for 'getMap' - packages\yjs_dart\test\binary_compat_test.dart:151:11 - inference_failure_on_function_invocation
   info - Method invocation or property access on a 'dynamic' target. Try giving the target a type - packages\yjs_dart\test\binary_compat_test.dart:152:32 - avoid_dynamic_calls
warning - The type argument(s) of the function 'getMap' can't be inferred. Use explicit type argument(s) for 'getMap' - packages\yjs_dart\test\binary_compat_test.dart:153:23 - inference_failure_on_function_invocation
   info - Method invocation or property access on a 'dynamic' target. Try giving the target a type - packages\yjs_dart\test\binary_compat_test.dart:156:60 - avoid_dynamic_calls
warning - The type argument(s) of the function 'getArray' can't be inferred. Use explicit type argument(s) for 'getArray' - packages\yjs_dart\test\binary_compat_test.dart:161:11 - inference_failure_on_function_invocation
   info - Method invocation or property access on a 'dynamic' target. Try giving the target a type - packages\yjs_dart\test\binary_compat_test.dart:162:32 - avoid_dynamic_calls
warning - The type argument(s) of the function 'getArray' can't be inferred. Use explicit type argument(s) for 'getArray' - packages\yjs_dart\test\binary_compat_test.dart:163:23 - inference_failure_on_function_invocation
   info - Method invocation or property access on a 'dynamic' target. Try giving the target a type - packages\yjs_dart\test\binary_compat_test.dart:164:30 - avoid_dynamic_calls
warning - The type argument(s) of the function 'getArray' can't be inferred. Use explicit type argument(s) for 'getArray' - packages\yjs_dart\test\binary_compat_test.dart:170:11 - inference_failure_on_function_invocation
   info - Method invocation or property access on a 'dynamic' target. Try giving the target a type - packages\yjs_dart\test\binary_compat_test.dart:171:32 - avoid_dynamic_calls
warning - The type argument(s) of the function 'getArray' can't be inferred. Use explicit type argument(s) for 'getArray' - packages\yjs_dart\test\binary_compat_test.dart:172:23 - inference_failure_on_function_invocation
   info - Method invocation or property access on a 'dynamic' target. Try giving the target a type - packages\yjs_dart\test\binary_compat_test.dart:173:30 - avoid_dynamic_calls
warning - The type argument(s) of the function 'getArray' can't be inferred. Use explicit type argument(s) for 'getArray' - packages\yjs_dart\test\binary_compat_test.dart:179:11 - inference_failure_on_function_invocation
   info - Method invocation or property access on a 'dynamic' target. Try giving the target a type - packages\yjs_dart\test\binary_compat_test.dart:180:32 - avoid_dynamic_calls
warning - The type argument(s) of the function 'getArray' can't be inferred. Use explicit type argument(s) for 'getArray' - packages\yjs_dart\test\binary_compat_test.dart:181:23 - inference_failure_on_function_invocation
   info - Method invocation or property access on a 'dynamic' target. Try giving the target a type - packages\yjs_dart\test\binary_compat_test.dart:182:30 - avoid_dynamic_calls
warning - The type argument(s) of the function 'getMap' can't be inferred. Use explicit type argument(s) for 'getMap' - packages\yjs_dart\test\binary_compat_test.dart:188:11 - inference_failure_on_function_invocation
   info - Method invocation or property access on a 'dynamic' target. Try giving the target a type - packages\yjs_dart\test\binary_compat_test.dart:189:32 - avoid_dynamic_calls
warning - The type argument(s) of the function 'getMap' can't be inferred. Use explicit type argument(s) for 'getMap' - packages\yjs_dart\test\binary_compat_test.dart:190:23 - inference_failure_on_function_invocation
   info - Method invocation or property access on a 'dynamic' target. Try giving the target a type - packages\yjs_dart\test\binary_compat_test.dart:191:28 - avoid_dynamic_calls
warning - The type argument(s) of the function 'getArray' can't be inferred. Use explicit type argument(s) for 'getArray' - packages\yjs_dart\test\binary_compat_test.dart:197:11 - inference_failure_on_function_invocation
warning - The type argument(s) of the function 'getMap' can't be inferred. Use explicit type argument(s) for 'getMap' - packages\yjs_dart\test\binary_compat_test.dart:198:11 - inference_failure_on_function_invocation
   info - Method invocation or property access on a 'dynamic' target. Try giving the target a type - packages\yjs_dart\test\binary_compat_test.dart:199:32 - avoid_dynamic_calls
warning - The type argument(s) of the function 'getArray' can't be inferred. Use explicit type argument(s) for 'getArray' - packages\yjs_dart\test\binary_compat_test.dart:200:23 - inference_failure_on_function_invocation
warning - The type argument(s) of the function 'getMap' can't be inferred. Use explicit type argument(s) for 'getMap' - packages\yjs_dart\test\binary_compat_test.dart:201:23 - inference_failure_on_function_invocation
   info - Method invocation or property access on a 'dynamic' target. Try giving the target a type - packages\yjs_dart\test\binary_compat_test.dart:202:30 - avoid_dynamic_calls
   info - Method invocation or property access on a 'dynamic' target. Try giving the target a type - packages\yjs_dart\test\binary_compat_test.dart:203:28 - avoid_dynamic_calls
warning - The type argument(s) of the function 'getArray' can't be inferred. Use explicit type argument(s) for 'getArray' - packages\yjs_dart\test\binary_compat_test.dart:210:11 - inference_failure_on_function_invocation
   info - Method invocation or property access on a 'dynamic' target. Try giving the target a type - packages\yjs_dart\test\binary_compat_test.dart:211:32 - avoid_dynamic_calls
warning - The type argument(s) of the function 'getArray' can't be inferred. Use explicit type argument(s) for 'getArray' - packages\yjs_dart\test\binary_compat_test.dart:212:23 - inference_failure_on_function_invocation
   info - Method invocation or property access on a 'dynamic' target. Try giving the target a type - packages\yjs_dart\test\binary_compat_test.dart:213:30 - avoid_dynamic_calls
warning - The type argument(s) of the function 'getArray' can't be inferred. Use explicit type argument(s) for 'getArray' - packages\yjs_dart\test\binary_compat_test.dart:222:11 - inference_failure_on_function_invocation
   info - Method invocation or property access on a 'dynamic' target. Try giving the target a type - packages\yjs_dart\test\binary_compat_test.dart:223:32 - avoid_dynamic_calls
   info - Method invocation or property access on a 'dynamic' target. Try giving the target a type - packages\yjs_dart\test\binary_compat_test.dart:226:32 - avoid_dynamic_calls
warning - The type argument(s) of the function 'getArray' can't be inferred. Use explicit type argument(s) for 'getArray' - packages\yjs_dart\test\binary_compat_test.dart:227:23 - inference_failure_on_function_invocation
   info - Method invocation or property access on a 'dynamic' target. Try giving the target a type - packages\yjs_dart\test\binary_compat_test.dart:228:30 - avoid_dynamic_calls
warning - The type argument(s) of the function 'getArray' can't be inferred. Use explicit type argument(s) for 'getArray' - packages\yjs_dart\test\binary_compat_test.dart:240:11 - inference_failure_on_function_invocation
   info - Method invocation or property access on a 'dynamic' target. Try giving the target a type - packages\yjs_dart\test\binary_compat_test.dart:241:32 - avoid_dynamic_calls
   info - Method invocation or property access on a 'dynamic' target. Try giving the target a type - packages\yjs_dart\test\binary_compat_test.dart:244:46 - avoid_dynamic_calls
warning - The type argument(s) of the function 'getArray' can't be inferred. Use explicit type argument(s) for 'getArray' - packages\yjs_dart\test\binary_compat_test.dart:245:23 - inference_failure_on_function_invocation
   info - Method invocation or property access on a 'dynamic' target. Try giving the target a type - packages\yjs_dart\test\binary_compat_test.dart:246:30 - avoid_dynamic_calls
warning - The type argument(s) of the function 'getArray' can't be inferred. Use explicit type argument(s) for 'getArray' - packages\yjs_dart\test\binary_compat_test.dart:254:25 - inference_failure_on_function_invocation
warning - The type argument(s) of the function 'getArray' can't be inferred. Use explicit type argument(s) for 'getArray' - packages\yjs_dart\test\binary_compat_test.dart:255:12 - inference_failure_on_function_invocation
warning - The type argument(s) of the function 'getArray' can't be inferred. Use explicit type argument(s) for 'getArray' - packages\yjs_dart\test\binary_compat_test.dart:260:25 - inference_failure_on_function_invocation
warning - The '!' will have no effect because the receiver can't be null. Try removing the '!' operator - packages\yjs_dart\test\binary_compat_test.dart:267:18 - unnecessary_non_null_assertion
   info - Method invocation or property access on a 'dynamic' target. Try giving the target a type - packages\yjs_dart\test\binary_compat_test.dart:267:31 - avoid_dynamic_calls
warning - The '!' will have no effect because the receiver can't be null. Try removing the '!' operator - packages\yjs_dart\test\binary_compat_test.dart:268:18 - unnecessary_non_null_assertion
   info - Method invocation or property access on a 'dynamic' target. Try giving the target a type - packages\yjs_dart\test\binary_compat_test.dart:268:31 - avoid_dynamic_calls
   info - Method invocation or property access on a 'dynamic' target. Try giving the target a type - packages\yjs_dart\test\binary_compat_test.dart:274:47 - avoid_dynamic_calls
   info - Method invocation or property access on a 'dynamic' target. Try giving the target a type - packages\yjs_dart\test\binary_compat_test.dart:275:47 - avoid_dynamic_calls
   info - Method invocation or property access on a 'dynamic' target. Try giving the target a type - packages\yjs_dart\test\binary_compat_test.dart:286:32 - avoid_dynamic_calls
warning - The type argument(s) of the function 'getArray' can't be inferred. Use explicit type argument(s) for 'getArray' - packages\yjs_dart\test\binary_compat_test.dart:290:11 - inference_failure_on_function_invocation
   info - Method invocation or property access on a 'dynamic' target. Try giving the target a type - packages\yjs_dart\test\binary_compat_test.dart:300:32 - avoid_dynamic_calls
warning - The type argument(s) of the function 'getArray' can't be inferred. Use explicit type argument(s) for 'getArray' - packages\yjs_dart\test\binary_compat_test.dart:303:11 - inference_failure_on_function_invocation
   info - Method invocation or property access on a 'dynamic' target. Try giving the target a type - packages\yjs_dart\test\binary_compat_test.dart:312:32 - avoid_dynamic_calls
warning - The type argument(s) of the function 'getArray' can't be inferred. Use explicit type argument(s) for 'getArray' - packages\yjs_dart\test\binary_compat_test.dart:315:11 - inference_failure_on_function_invocation
   info - Method invocation or property access on a 'dynamic' target. Try giving the target a type - packages\yjs_dart\test\binary_compat_test.dart:324:32 - avoid_dynamic_calls
warning - The type argument(s) of the function 'getMap' can't be inferred. Use explicit type argument(s) for 'getMap' - packages\yjs_dart\test\binary_compat_test.dart:327:11 - inference_failure_on_function_invocation
   info - Method invocation or property access on a 'dynamic' target. Try giving the target a type - packages\yjs_dart\test\binary_compat_test.dart:336:32 - avoid_dynamic_calls
warning - The type argument(s) of the function 'getMap' can't be inferred. Use explicit type argument(s) for 'getMap' - packages\yjs_dart\test\binary_compat_test.dart:339:11 - inference_failure_on_function_invocation
   info - Method invocation or property access on a 'dynamic' target. Try giving the target a type - packages\yjs_dart\test\binary_compat_test.dart:348:32 - avoid_dynamic_calls
warning - The type argument(s) of the function 'getArray' can't be inferred. Use explicit type argument(s) for 'getArray' - packages\yjs_dart\test\binary_compat_test.dart:351:11 - inference_failure_on_function_invocation
   info - Method invocation or property access on a 'dynamic' target. Try giving the target a type - packages\yjs_dart\test\binary_compat_test.dart:360:32 - avoid_dynamic_calls
   info - Method invocation or property access on a 'dynamic' target. Try giving the target a type - packages\yjs_dart\test\binary_compat_test.dart:366:30 - avoid_dynamic_calls
   info - Don't invoke 'print' in production code. Try using a logging framework - packages\yjs_dart\test\debug_array_sync.dart:18:3 - avoid_print
   info - Don't invoke 'print' in production code. Try using a logging framework - packages\yjs_dart\test\debug_array_sync.dart:19:3 - avoid_print
   info - Don't invoke 'print' in production code. Try using a logging framework - packages\yjs_dart\test\debug_array_sync.dart:24:3 - avoid_print
   info - Don't invoke 'print' in production code. Try using a logging framework - packages\yjs_dart\test\debug_array_sync.dart:25:3 - avoid_print
   info - The import of 'package:yjs_dart/src/structs/gc.dart' is unnecessary because all of the used elements are also provided by the import of 'package:yjs_dart/yjs_dart.dart'. Try removing the import directive - packages\yjs_dart\test\regression_test.dart:14:8 - unnecessary_import
   info - The import of 'package:yjs_dart/src/utils/id.dart' is unnecessary because all of the used elements are also provided by the import of 'package:yjs_dart/yjs_dart.dart'. Try removing the import directive - packages\yjs_dart\test\regression_test.dart:15:8 - unnecessary_import
   info - The import of 'package:yjs_dart/src/utils/transaction.dart' is unnecessary because all of the used elements are also provided by the import of 'package:yjs_dart/yjs_dart.dart'. Try removing the import directive - packages\yjs_dart\test\regression_test.dart:16:8 - unnecessary_import
   info - The import of 'package:yjs_dart/src/utils/updates.dart' is unnecessary because all of the used elements are also provided by the import of 'package:yjs_dart/yjs_dart.dart'. Try removing the import directive - packages\yjs_dart\test\regression_test.dart:17:8 - unnecessary_import
warning - The value of the local variable 'doc1Block' isn't used. Try removing the variable or using it - packages\yjs_dart\test\regression_test.dart:348:13 - unused_local_variable
warning - The value of the local variable 'update' isn't used. Try removing the variable or using it - packages\yjs_dart\test\regression_test.dart:350:13 - unused_local_variable
warning - The value of the local variable 'block2' isn't used. Try removing the variable or using it - packages\yjs_dart\test\regression_test.dart:357:13 - unused_local_variable
warning - The name IdSet is shown, but isn't used. Try removing the name from the list of shown members - packages\yjs_dart\test\remaining_phases_test.dart:9:67 - unused_shown_name
warning - The value of the local variable 'pos' isn't used. Try removing the variable or using it - packages\yjs_dart\test\remaining_phases_test.dart:222:13 - unused_local_variable
warning - The type of 'update' can't be inferred; a type must be explicitly provided. Try specifying the type of the parameter - packages\yjs_dart\test\test_idb_replay.dart:8:22 - inference_failure_on_untyped_parameter
   info - The local variable '_1' starts with an underscore. Try renaming the variable to not start with an underscore - packages\yjs_dart\test\test_idb_replay.dart:8:31 - no_leading_underscores_for_local_identifiers
   info - The variable name '_1' isn't a lowerCamelCase identifier. Try changing the name to follow the lowerCamelCase style - packages\yjs_dart\test\test_idb_replay.dart:8:31 - non_constant_identifier_names
   info - The local variable '_2' starts with an underscore. Try renaming the variable to not start with an underscore - packages\yjs_dart\test\test_idb_replay.dart:8:35 - no_leading_underscores_for_local_identifiers
   info - The variable name '_2' isn't a lowerCamelCase identifier. Try changing the name to follow the lowerCamelCase style - packages\yjs_dart\test\test_idb_replay.dart:8:35 - non_constant_identifier_names
   info - The local variable '_3' starts with an underscore. Try renaming the variable to not start with an underscore - packages\yjs_dart\test\test_idb_replay.dart:8:39 - no_leading_underscores_for_local_identifiers
   info - The variable name '_3' isn't a lowerCamelCase identifier. Try changing the name to follow the lowerCamelCase style - packages\yjs_dart\test\test_idb_replay.dart:8:39 - non_constant_identifier_names
   info - Don't invoke 'print' in production code. Try using a logging framework - packages\yjs_dart\test\test_idb_replay.dart:30:3 - avoid_print
   info - Don't invoke 'print' in production code. Try using a logging framework - packages\yjs_dart\test\test_idb_replay.dart:31:3 - avoid_print
warning - Unnecessary cast. Try removing the cast - packages\yjs_dart\test\test_idb_replay.dart:42:25 - unnecessary_cast
   info - Don't invoke 'print' in production code. Try using a logging framework - packages\yjs_dart\test\test_idb_replay.dart:46:3 - avoid_print
   info - Don't invoke 'print' in production code. Try using a logging framework - packages\yjs_dart\test\test_ytext_delete.dart:11:3 - avoid_print
   info - Don't invoke 'print' in production code. Try using a logging framework - packages\yjs_dart\test\test_ytext_delete.dart:17:3 - avoid_print
   info - Don't invoke 'print' in production code. Try using a logging framework - packages\yjs_dart\test\test_ytext_delete.dart:25:3 - avoid_print
   info - Don't invoke 'print' in production code. Try using a logging framework - packages\yjs_dart\test\test_ytext_keystrokes.dart:17:5 - avoid_print
   info - Don't invoke 'print' in production code. Try using a logging framework - scratch\test_editor_sync.dart:19:3 - avoid_print
   info - Don't invoke 'print' in production code. Try using a logging framework - test\check_db_test.dart:26:5 - avoid_print
   info - Don't invoke 'print' in production code. Try using a logging framework - test\check_db_test.dart:28:7 - avoid_print
   info - Don't invoke 'print' in production code. Try using a logging framework - test\check_db_test.dart:36:7 - avoid_print
   info - Don't invoke 'print' in production code. Try using a logging framework - test\check_db_test.dart:42:11 - avoid_print
   info - Don't invoke 'print' in production code. Try using a logging framework - test\check_db_test.dart:46:7 - avoid_print
   info - Don't invoke 'print' in production code. Try using a logging framework - test\check_db_test.dart:48:7 - avoid_print
warning - Unused import: 'dart:convert'. Try removing the import directive - test\core\sync\sync_service_note_exchange_test.dart:2:8 - unused_import
warning - Unused import: 'package:yjs_dart/yjs_dart.dart'. Try removing the import directive - test\core\sync\sync_service_note_exchange_test.dart:8:8 - unused_import
warning - The value of the local variable 'doc' isn't used. Try removing the variable or using it - test\core\sync\yjs_sync_manager_test.dart:200:11 - unused_local_variable
   info - Don't invoke 'print' in production code. Try using a logging framework - test\excerpt_test.dart:24:5 - avoid_print
  error - The named parameter 'routines' isn't defined. Try correcting the name to an existing named parameter's name, or defining a named parameter with the name 'routines' - test\features\auth\domain\auth_state_test.dart:140:15 - undefined_named_parameter
  error - The named parameter 'routines' isn't defined. Try correcting the name to an existing named parameter's name, or defining a named parameter with the name 'routines' - test\features\auth\domain\auth_state_test.dart:209:15 - undefined_named_parameter
  error - The named parameter 'routines' isn't defined. Try correcting the name to an existing named parameter's name, or defining a named parameter with the name 'routines' - test\features\auth\presentation\login_screen_test.dart:155:13 - undefined_named_parameter
  error - The named parameter 'routines' isn't defined. Try correcting the name to an existing named parameter's name, or defining a named parameter with the name 'routines' - test\features\auth\presentation\register_screen_test.dart:201:13 - undefined_named_parameter
  error - The argument type 'AppDatabase' can't be assigned to the parameter type 'NoteLinksDao?'.  - test\features\notes\data\notes_repository_test.dart:18:65 - argument_type_not_assignable
  error - The argument type 'AppDatabase' can't be assigned to the parameter type 'NoteLinksDao?'.  - test\features\notes\data\notes_repository_test.dart:31:65 - argument_type_not_assignable
  error - The argument type 'AppDatabase' can't be assigned to the parameter type 'NoteLinksDao?'.  - test\features\notes\data\notes_repository_test.dart:44:65 - argument_type_not_assignable
  error - The argument type 'AppDatabase' can't be assigned to the parameter type 'NoteLinksDao?'.  - test\features\notes\data\notes_repository_test.dart:56:65 - argument_type_not_assignable
  error - The argument type 'AppDatabase' can't be assigned to the parameter type 'NoteLinksDao?'.  - test\features\notes\data\notes_repository_test.dart:68:65 - argument_type_not_assignable
  error - The argument type 'AppDatabase' can't be assigned to the parameter type 'NoteLinksDao?'.  - test\features\notes\data\notes_repository_test.dart:86:65 - argument_type_not_assignable
  error - Too many positional arguments: 4 expected, but 5 found. Try removing the extra arguments - test\features\notes\data\notes_repository_test.dart:86:85 - extra_positional_arguments
  error - The argument type 'AppDatabase' can't be assigned to the parameter type 'NoteLinksDao?'.  - test\features\notes\data\notes_repository_test.dart:114:65 - argument_type_not_assignable
  error - Too many positional arguments: 4 expected, but 5 found. Try removing the extra arguments - test\features\notes\data\notes_repository_test.dart:114:85 - extra_positional_arguments
  error - The argument type 'AppDatabase' can't be assigned to the parameter type 'NoteLinksDao?'.  - test\features\notes\data\notes_repository_test.dart:133:65 - argument_type_not_assignable
  error - 'FakeTasksLocalRepository.completeTask' ('Future<({DateTime? nextDue, DateTime? previousDue})> Function(String)') isn't a valid override of 'TasksLocalRepository.completeTask' ('Future<({DateTime? nextDue, DateTime? previousDue, bool previousHasTime})> Function(String)') - test\features\notes\data\notes_repository_test.dart:292:56 - invalid_override
  error - The named parameter 'sendUpdate' isn't defined. Try correcting the name to an existing named parameter's name, or defining a named parameter with the name 'sendUpdate' - test\features\notes\domain\node_sync_manager_test.dart:36:61 - undefined_named_parameter
  error - The named parameter 'sendUpdate' isn't defined. Try correcting the name to an existing named parameter's name, or defining a named parameter with the name 'sendUpdate' - test\features\notes\domain\node_sync_manager_test.dart:67:61 - undefined_named_parameter
  error - The named parameter 'sendUpdate' isn't defined. Try correcting the name to an existing named parameter's name, or defining a named parameter with the name 'sendUpdate' - test\features\notes\domain\node_sync_manager_test.dart:108:61 - undefined_named_parameter
  error - The named parameter 'sendUpdate' isn't defined. Try correcting the name to an existing named parameter's name, or defining a named parameter with the name 'sendUpdate' - test\features\notes\domain\node_sync_manager_test.dart:150:61 - undefined_named_parameter
  error - The named parameter 'sendUpdate' isn't defined. Try correcting the name to an existing named parameter's name, or defining a named parameter with the name 'sendUpdate' - test\features\notes\domain\node_sync_manager_test.dart:180:61 - undefined_named_parameter
  error - The named parameter 'sendUpdate' isn't defined. Try correcting the name to an existing named parameter's name, or defining a named parameter with the name 'sendUpdate' - test\features\notes\domain\node_sync_manager_test.dart:213:61 - undefined_named_parameter
  error - The named parameter 'sendUpdate' isn't defined. Try correcting the name to an existing named parameter's name, or defining a named parameter with the name 'sendUpdate' - test\features\notes\domain\node_sync_manager_test.dart:259:61 - undefined_named_parameter
  error - The named parameter 'sendUpdate' isn't defined. Try correcting the name to an existing named parameter's name, or defining a named parameter with the name 'sendUpdate' - test\features\notes\domain\node_sync_manager_test.dart:305:9 - undefined_named_parameter
warning - Unused import: 'dart:convert'. Try removing the import directive - test\features\notes\domain\yjs_cache_test.dart:1:8 - unused_import
   info - Don't invoke 'print' in production code. Try using a logging framework - test\features\notes\domain\yjs_cache_test.dart:15:5 - avoid_print
   info - Don't invoke 'print' in production code. Try using a logging framework - test\features\notes\domain\yjs_cache_test.dart:24:5 - avoid_print
warning - Unused import: 'dart:convert'. Try removing the import directive - test\features\notes\domain\yjs_empty_type_test.dart:1:8 - unused_import
   info - Don't invoke 'print' in production code. Try using a logging framework - test\features\notes\domain\yjs_empty_type_test.dart:14:5 - avoid_print
   info - Don't invoke 'print' in production code. Try using a logging framework - test\features\notes\domain\yjs_empty_type_test.dart:15:5 - avoid_print
   info - Don't invoke 'print' in production code. Try using a logging framework - test\features\notes\domain\yjs_observer_test.dart:24:5 - avoid_print
   info - Don't invoke 'print' in production code. Try using a logging framework - test\features\notes\domain\yjs_observer_test.dart:25:5 - avoid_print
warning - The value of the local variable 'bridge' isn't used. Try removing the variable or using it - test\features\notes\domain\yjs_sync_fuzz_test.dart:29:11 - unused_local_variable
   info - Unnecessary braces in a string interpolation. Try removing the braces - test\features\notes\domain\yjs_sync_fuzz_test.dart:54:36 - unnecessary_brace_in_string_interps
warning - The value of the local variable 'bridge1' isn't used. Try removing the variable or using it - test\features\notes\domain\yjs_sync_repro_test.dart:24:11 - unused_local_variable
warning - The value of the local variable 'bridge2' isn't used. Try removing the variable or using it - test\features\notes\domain\yjs_sync_repro_test.dart:84:11 - unused_local_variable
warning - Unused import: 'dart:typed_data'. Try removing the import directive - test\features\notes\domain\yjs_task_order_test.dart:2:8 - unused_import
warning - Unused import: 'package:supanotes/core/sync/yjs_sync_manager.dart'. Try removing the import directive - test\features\notes\domain\yjs_task_order_test.dart:10:8 - unused_import
warning - The value of the local variable 'bridge1' isn't used. Try removing the variable or using it - test\features\notes\domain\yjs_task_order_test.dart:40:11 - unused_local_variable
warning - The value of the local variable 'bridge2' isn't used. Try removing the variable or using it - test\features\notes\domain\yjs_task_order_test.dart:63:11 - unused_local_variable
   info - Don't invoke 'print' in production code. Try using a logging framework - test\features\notes\domain\yjs_task_order_test.dart:89:5 - avoid_print
   info - Don't invoke 'print' in production code. Try using a logging framework - test\features\notes\domain\yjs_task_order_test.dart:90:5 - avoid_print
warning - Unused import: 'package:supanotes/core/sync/yjs_sync_manager.dart'. Try removing the import directive - test\features\notes\domain\ymap_crash_repro_test.dart:3:8 - unused_import
  error - The returned type '({Null nextDue, Null previousDue})' isn't returnable from a 'Future<({DateTime? nextDue, DateTime? previousDue, bool previousHasTime})>' function, as required by the closure's context - test\features\notes\presentation\note_editor_screen_test.dart:54:64 - return_of_invalid_type_from_closure
  error - The named parameter 'reminder' is required, but there's no corresponding argument. Try adding the required argument - test\features\notes\presentation\note_editor_screen_test.dart:326:9 - missing_required_argument
  error - The returned type '({Null nextDue, Null previousDue})' isn't returnable from a 'Future<({DateTime? nextDue, DateTime? previousDue, bool previousHasTime})>' function, as required by the closure's context - test\features\notes\presentation\note_editor_screen_test.dart:342:75 - return_of_invalid_type_from_closure
  error - The named parameter 'reminder' is required, but there's no corresponding argument. Try adding the required argument - test\features\notes\presentation\note_editor_screen_test.dart:395:11 - missing_required_argument
  error - The returned type '({Null nextDue, Null previousDue})' isn't returnable from a 'Future<({DateTime? nextDue, DateTime? previousDue, bool previousHasTime})>' function, as required by the closure's context - test\features\notes\presentation\note_editor_screen_test.dart:411:75 - return_of_invalid_type_from_closure
  error - The named parameter 'reminder' is required, but there's no corresponding argument. Try adding the required argument - test\features\notes\presentation\widgets\custom_task_component_test.dart:268:27 - missing_required_argument
  error - The named parameter 'reminder' is required, but there's no corresponding argument. Try adding the required argument - test\features\notes\presentation\widgets\custom_task_component_test.dart:400:27 - missing_required_argument
  error - 'FakeTasksLocalRepository.completeTask' ('Future<({DateTime? nextDue, DateTime? previousDue})> Function(String)') isn't a valid override of 'TasksLocalRepository.completeTask' ('Future<({DateTime? nextDue, DateTime? previousDue, bool previousHasTime})> Function(String)') - test\features\tasks\data\tasks_repository_test.dart:80:56 - invalid_override
  error - The named parameter 'reminder' is required, but there's no corresponding argument. Try adding the required argument - test\features\tasks\domain\task_date_filter_test.dart:5:86 - missing_required_argument
warning - The value of the local variable 'oldId' isn't used. Try removing the variable or using it - test\features\tasks\domain\task_notification_reconciliation_test.dart:23:13 - unused_local_variable
   info - Invalid use of a private type in a public API. Try making the private type public, or making the API that uses the private type also be private - test\features\tasks\domain\task_notification_reconciliation_test.dart:57:1 - library_private_types_in_public_api
   info - The prefix 'tzData' isn't a lower_case_with_underscores identifier. Try changing the prefix to follow the lower_case_with_underscores style - test\features\tasks\domain\task_notification_scheduler_test.dart:14:47 - library_prefixes
   info - Unnecessary use of multiple underscores. Try using '_' - test\features\tasks\domain\task_notification_scheduler_test.dart:152:73 - unnecessary_underscores
   info - Unnecessary use of multiple underscores. Try using '_' - test\features\tasks\domain\task_notification_scheduler_test.dart:211:73 - unnecessary_underscores
  error - The returned type '({Null nextDue, Null previousDue})' isn't returnable from a 'Future<TaskCompletionResult>' function, as required by the closure's context - test\features\tasks\presentation\controllers\task_snackbar_helper_test.dart:27:16 - return_of_invalid_type_from_closure
  error - The argument type 'void Function(DateTime?)' can't be assigned to the parameter type 'void Function(DateTime?, bool)'.  - test\features\tasks\presentation\controllers\task_snackbar_helper_test.dart:29:15 - argument_type_not_assignable
  error - The returned type '({DateTime nextDue, Null previousDue})' isn't returnable from a 'Future<TaskCompletionResult>' function, as required by the closure's context - test\features\tasks\presentation\controllers\task_snackbar_helper_test.dart:54:31 - return_of_invalid_type_from_closure
  error - The argument type 'void Function(DateTime?)' can't be assigned to the parameter type 'void Function(DateTime?, bool)'.  - test\features\tasks\presentation\controllers\task_snackbar_helper_test.dart:55:15 - argument_type_not_assignable
  error - The named parameter 'reminder' is required, but there's no corresponding argument. Try adding the required argument - test\features\tasks\presentation\task_completion_snackbar_test.dart:70:18 - missing_required_argument
  error - The returned type '({DateTime nextDue, DateTime previousDue})' isn't returnable from a 'Future<({DateTime? nextDue, DateTime? previousDue, bool previousHasTime})>' function, as required by the closure's context - test\features\tasks\presentation\task_completion_snackbar_test.dart:85:75 - return_of_invalid_type_from_closure
  error - The returned type 'Future<({DateTime? nextDue, DateTime? previousDue, bool previousHasTime})>' isn't returnable from a 'Future<TaskCompletionResult>' function, as required by the closure's context - test\features\tasks\presentation\task_completion_snackbar_test.dart:106:37 - return_of_invalid_type_from_closure
  error - The argument type 'void Function(DateTime?)' can't be assigned to the parameter type 'void Function(DateTime?, bool)'.  - test\features\tasks\presentation\task_completion_snackbar_test.dart:107:27 - argument_type_not_assignable
   info - Don't invoke 'print' in production code. Try using a logging framework - test\features\tasks\presentation\task_completion_snackbar_test.dart:147:7 - avoid_print
  error - The named parameter 'reminder' is required, but there's no corresponding argument. Try adding the required argument - test\features\tasks\presentation\widgets\task_metadata_sheet_test.dart:16:12 - missing_required_argument
  error - The function 'TaskMetadataSheet' isn't defined. Try importing the library that defines 'TaskMetadataSheet', correcting the name to the name of an existing function, or defining a function named 'TaskMetadataSheet' - test\features\tasks\presentation\widgets\task_metadata_sheet_test.dart:38:34 - undefined_function
  error - The function 'TaskMetadataSheet' isn't defined. Try importing the library that defines 'TaskMetadataSheet', correcting the name to the name of an existing function, or defining a function named 'TaskMetadataSheet' - test\features\tasks\presentation\widgets\task_metadata_sheet_test.dart:48:34 - undefined_function
  error - The function 'TaskMetadataSheet' isn't defined. Try importing the library that defines 'TaskMetadataSheet', correcting the name to the name of an existing function, or defining a function named 'TaskMetadataSheet' - test\features\tasks\presentation\widgets\task_metadata_sheet_test.dart:54:34 - undefined_function
  error - The named parameter 'reminder' is required, but there's no corresponding argument. Try adding the required argument - test\features\tasks\presentation\widgets\task_metadata_sheet_test.dart:61:15 - missing_required_argument
  error - The function 'TaskMetadataSheet' isn't defined. Try importing the library that defines 'TaskMetadataSheet', correcting the name to the name of an existing function, or defining a function named 'TaskMetadataSheet' - test\features\tasks\presentation\widgets\task_metadata_sheet_test.dart:76:34 - undefined_function
  error - The named parameter 'reminder' is required, but there's no corresponding argument. Try adding the required argument - test\features\tasks\presentation\widgets\task_metadata_sheet_test.dart:84:15 - missing_required_argument
  error - The function 'TaskMetadataSheet' isn't defined. Try importing the library that defines 'TaskMetadataSheet', correcting the name to the name of an existing function, or defining a function named 'TaskMetadataSheet' - test\features\tasks\presentation\widgets\task_metadata_sheet_test.dart:99:34 - undefined_function
  error - The named parameter 'reminder' is required, but there's no corresponding argument. Try adding the required argument - test\features\tasks\presentation\widgets\task_tile_test.dart:22:12 - missing_required_argument
  error - 3 positional arguments expected by 'between', but 2 found. Try adding the missing arguments - test\fractional_paste_test.dart:26:61 - not_enough_positional_arguments
   info - Don't invoke 'print' in production code. Try using a logging framework - test\fractional_paste_test.dart:27:9 - avoid_print
   info - Don't invoke 'print' in production code. Try using a logging framework - test\fractional_paste_test.dart:36:5 - avoid_print
   info - Don't invoke 'print' in production code. Try using a logging framework - test\fractional_paste_test.dart:40:9 - avoid_print
warning - The value of the local variable 'result' isn't used. Try removing the variable or using it - test\sync\editor_bridge_test.dart:209:13 - unused_local_variable
   info - Don't invoke 'print' in production code. Try using a logging framework - test\yjs_nested_test.dart:15:7 - avoid_print
   info - Don't invoke 'print' in production code. Try using a logging framework - test\yjs_nested_test.dart:18:9 - avoid_print
   info - Don't invoke 'print' in production code. Try using a logging framework - test\yjs_nested_test.dart:20:9 - avoid_print
   info - Don't invoke 'print' in production code. Try using a logging framework - test\yjs_test.dart:12:7 - avoid_print
   info - Don't invoke 'print' in production code. Try using a logging framework - test\yjs_test.dart:16:5 - avoid_print
